Archive member included because of file (symbol)

/tools/altera/12.0/nios2eds/bin/gnu/H-i686-pc-linux-gnu/bin/../lib/gcc/nios2-elf/4.1.2/../../../../nios2-elf/lib/libsmallc.a(lib_a-printf.o)
                              obj/default/experiment3c.o (printf)
/tools/altera/12.0/nios2eds/bin/gnu/H-i686-pc-linux-gnu/bin/../lib/gcc/nios2-elf/4.1.2/../../../../nios2-elf/lib/libsmallc.a(lib_a-puts.o)
                              obj/default/experiment3c.o (puts)
/tools/altera/12.0/nios2eds/bin/gnu/H-i686-pc-linux-gnu/bin/../lib/gcc/nios2-elf/4.1.2/../../../../nios2-elf/lib/libsmallc.a(lib_a-rand.o)
                              obj/default/experiment3c.o (rand)
/tools/altera/12.0/nios2eds/bin/gnu/H-i686-pc-linux-gnu/bin/../lib/gcc/nios2-elf/4.1.2/../../../../nios2-elf/lib/libsmallc.a(lib_a-strlen.o)
                              /tools/altera/12.0/nios2eds/bin/gnu/H-i686-pc-linux-gnu/bin/../lib/gcc/nios2-elf/4.1.2/../../../../nios2-elf/lib/libsmallc.a(lib_a-puts.o) (strlen)
/tools/altera/12.0/nios2eds/bin/gnu/H-i686-pc-linux-gnu/bin/../lib/gcc/nios2-elf/4.1.2/../../../../nios2-elf/lib/libsmallc.a(lib_a-vfprintf.o)
                              /tools/altera/12.0/nios2eds/bin/gnu/H-i686-pc-linux-gnu/bin/../lib/gcc/nios2-elf/4.1.2/../../../../nios2-elf/lib/libsmallc.a(lib_a-printf.o) (___vfprintf_internal_r)
/tools/altera/12.0/nios2eds/bin/gnu/H-i686-pc-linux-gnu/bin/../lib/gcc/nios2-elf/4.1.2/../../../../nios2-elf/lib/libsmallc.a(lib_a-fvwrite_small_dev.o)
                              /tools/altera/12.0/nios2eds/bin/gnu/H-i686-pc-linux-gnu/bin/../lib/gcc/nios2-elf/4.1.2/../../../../nios2-elf/lib/libsmallc.a(lib_a-printf.o) (__sfvwrite_small_dev)
/tools/altera/12.0/nios2eds/bin/gnu/H-i686-pc-linux-gnu/bin/../lib/gcc/nios2-elf/4.1.2/../../../../nios2-elf/lib/libsmallc.a(lib_a-impure.o)
                              /tools/altera/12.0/nios2eds/bin/gnu/H-i686-pc-linux-gnu/bin/../lib/gcc/nios2-elf/4.1.2/../../../../nios2-elf/lib/libsmallc.a(lib_a-printf.o) (_impure_ptr)
/tools/altera/12.0/nios2eds/bin/gnu/H-i686-pc-linux-gnu/bin/../lib/gcc/nios2-elf/4.1.2/../../../../nios2-elf/lib/libsmallc.a(lib_a-malloc.o)
                              /tools/altera/12.0/nios2eds/bin/gnu/H-i686-pc-linux-gnu/bin/../lib/gcc/nios2-elf/4.1.2/../../../../nios2-elf/lib/libsmallc.a(lib_a-rand.o) (malloc)
/tools/altera/12.0/nios2eds/bin/gnu/H-i686-pc-linux-gnu/bin/../lib/gcc/nios2-elf/4.1.2/../../../../nios2-elf/lib/libsmallc.a(lib_a-mallocr.o)
                              /tools/altera/12.0/nios2eds/bin/gnu/H-i686-pc-linux-gnu/bin/../lib/gcc/nios2-elf/4.1.2/../../../../nios2-elf/lib/libsmallc.a(lib_a-malloc.o) (_malloc_r)
/tools/altera/12.0/nios2eds/bin/gnu/H-i686-pc-linux-gnu/bin/../lib/gcc/nios2-elf/4.1.2/../../../../nios2-elf/lib/libsmallc.a(lib_a-sbrkr.o)
                              /tools/altera/12.0/nios2eds/bin/gnu/H-i686-pc-linux-gnu/bin/../lib/gcc/nios2-elf/4.1.2/../../../../nios2-elf/lib/libsmallc.a(lib_a-mallocr.o) (_sbrk_r)
/tools/altera/12.0/nios2eds/bin/gnu/H-i686-pc-linux-gnu/bin/../lib/gcc/nios2-elf/4.1.2/../../../../nios2-elf/lib/libsmallc.a(lib_a-writer.o)
                              /tools/altera/12.0/nios2eds/bin/gnu/H-i686-pc-linux-gnu/bin/../lib/gcc/nios2-elf/4.1.2/../../../../nios2-elf/lib/libsmallc.a(lib_a-fvwrite_small_dev.o) (_write_r)
/tools/altera/12.0/nios2eds/bin/gnu/H-i686-pc-linux-gnu/bin/../lib/gcc/nios2-elf/4.1.2/../../../../nios2-elf/lib/libsmallc.a(lib_a-freer.o)
                              /tools/altera/12.0/nios2eds/bin/gnu/H-i686-pc-linux-gnu/bin/../lib/gcc/nios2-elf/4.1.2/../../../../nios2-elf/lib/libsmallc.a(lib_a-malloc.o) (_free_r)
/tools/altera/12.0/nios2eds/bin/gnu/H-i686-pc-linux-gnu/bin/../lib/gcc/nios2-elf/4.1.2/../../../../nios2-elf/lib/libsmallc.a(lib_a-int_errno.o)
                              /tools/altera/12.0/nios2eds/bin/gnu/H-i686-pc-linux-gnu/bin/../lib/gcc/nios2-elf/4.1.2/../../../../nios2-elf/lib/libsmallc.a(lib_a-sbrkr.o) (errno)
/tools/altera/12.0/nios2eds/bin/gnu/H-i686-pc-linux-gnu/bin/../lib/gcc/nios2-elf/4.1.2/libgcc.a(_muldi3.o)
                              /tools/altera/12.0/nios2eds/bin/gnu/H-i686-pc-linux-gnu/bin/../lib/gcc/nios2-elf/4.1.2/../../../../nios2-elf/lib/libsmallc.a(lib_a-rand.o) (__muldi3)
/tools/altera/12.0/nios2eds/bin/gnu/H-i686-pc-linux-gnu/bin/../lib/gcc/nios2-elf/4.1.2/libgcc.a(lib2-divmod.o)
                              /tools/altera/12.0/nios2eds/bin/gnu/H-i686-pc-linux-gnu/bin/../lib/gcc/nios2-elf/4.1.2/../../../../nios2-elf/lib/libsmallc.a(lib_a-vfprintf.o) (__udivsi3)
../experiment3c_bsp//libhal_bsp.a(alt_load.o)
                              ../experiment3c_bsp//obj/HAL/src/crt0.o (alt_load)
../experiment3c_bsp//libhal_bsp.a(alt_main.o)
                              ../experiment3c_bsp//obj/HAL/src/crt0.o (alt_main)
../experiment3c_bsp//libhal_bsp.a(alt_malloc_lock.o)
                              /tools/altera/12.0/nios2eds/bin/gnu/H-i686-pc-linux-gnu/bin/../lib/gcc/nios2-elf/4.1.2/../../../../nios2-elf/lib/libsmallc.a(lib_a-mallocr.o) (__malloc_lock)
../experiment3c_bsp//libhal_bsp.a(alt_sbrk.o)
                              /tools/altera/12.0/nios2eds/bin/gnu/H-i686-pc-linux-gnu/bin/../lib/gcc/nios2-elf/4.1.2/../../../../nios2-elf/lib/libsmallc.a(lib_a-sbrkr.o) (sbrk)
../experiment3c_bsp//libhal_bsp.a(alt_write.o)
                              /tools/altera/12.0/nios2eds/bin/gnu/H-i686-pc-linux-gnu/bin/../lib/gcc/nios2-elf/4.1.2/../../../../nios2-elf/lib/libsmallc.a(lib_a-writer.o) (write)
../experiment3c_bsp//libhal_bsp.a(alt_sys_init.o)
                              ../experiment3c_bsp//libhal_bsp.a(alt_main.o) (alt_sys_init)
../experiment3c_bsp//libhal_bsp.a(altera_avalon_jtag_uart_write.o)
                              ../experiment3c_bsp//libhal_bsp.a(alt_write.o) (altera_avalon_jtag_uart_write)
../experiment3c_bsp//libhal_bsp.a(altera_avalon_performance_counter.o)
                              obj/default/experiment3c.o (perf_get_section_time)
../experiment3c_bsp//libhal_bsp.a(alt_dcache_flush_all.o)
                              ../experiment3c_bsp//libhal_bsp.a(alt_load.o) (alt_dcache_flush_all)
../experiment3c_bsp//libhal_bsp.a(alt_errno.o)
                              ../experiment3c_bsp//libhal_bsp.a(alt_write.o) (alt_errno)
../experiment3c_bsp//libhal_bsp.a(alt_icache_flush_all.o)
                              ../experiment3c_bsp//libhal_bsp.a(alt_load.o) (alt_icache_flush_all)
../experiment3c_bsp//libhal_bsp.a(altera_nios2_qsys_irq.o)
                              ../experiment3c_bsp//libhal_bsp.a(alt_sys_init.o) (altera_nios2_qsys_irq_init)
../experiment3c_bsp//libhal_bsp.a(alt_icache_flush.o)
                              ../experiment3c_bsp//libhal_bsp.a(alt_icache_flush_all.o) (alt_icache_flush)

Allocating common symbols
Common symbol       size              file

errno               0x4               /tools/altera/12.0/nios2eds/bin/gnu/H-i686-pc-linux-gnu/bin/../lib/gcc/nios2-elf/4.1.2/../../../../nios2-elf/lib/libsmallc.a(lib_a-int_errno.o)

Memory Configuration

Name             Origin             Length             Attributes
reset            0x00004000         0x00000020
onchip_memory2_0 0x00004020         0x00003fe0
*default*        0x00000000         0xffffffff

Linker script and memory map

LOAD ../experiment3c_bsp//obj/HAL/src/crt0.o
                0x0000401c                exit = _exit
LOAD obj/default/experiment3c.o
LOAD /tools/altera/12.0/nios2eds/bin/gnu/H-i686-pc-linux-gnu/bin/../lib/gcc/nios2-elf/4.1.2/../../../../nios2-elf/lib/libstdc++.a
LOAD /tools/altera/12.0/nios2eds/bin/gnu/H-i686-pc-linux-gnu/bin/../lib/gcc/nios2-elf/4.1.2/../../../../nios2-elf/lib/libm.a
LOAD /tools/altera/12.0/nios2eds/bin/gnu/H-i686-pc-linux-gnu/bin/../lib/gcc/nios2-elf/4.1.2/libgcc.a
START GROUP
LOAD /tools/altera/12.0/nios2eds/bin/gnu/H-i686-pc-linux-gnu/bin/../lib/gcc/nios2-elf/4.1.2/../../../../nios2-elf/lib/libsmallc.a
LOAD /tools/altera/12.0/nios2eds/bin/gnu/H-i686-pc-linux-gnu/bin/../lib/gcc/nios2-elf/4.1.2/libgcc.a
LOAD ../experiment3c_bsp//libhal_bsp.a
END GROUP
LOAD /tools/altera/12.0/nios2eds/bin/gnu/H-i686-pc-linux-gnu/bin/../lib/gcc/nios2-elf/4.1.2/libgcc.a
                0x00004000                __alt_mem_onchip_memory2_0 = 0x4000

.entry          0x00004000       0x20
 *(.entry)
 .entry         0x00004000       0x20 ../experiment3c_bsp//obj/HAL/src/crt0.o
                0x00004000                __reset
                0x0000401c                _exit

.exceptions     0x00004020        0x0
                0x00004020                PROVIDE (__ram_exceptions_start, ABSOLUTE (.))
                0x00004020                . = ALIGN (0x20)
 *(.irq)
 *(.exceptions.entry.label)
 *(.exceptions.entry.user)
 *(.exceptions.entry)
 *(.exceptions.irqtest.user)
 *(.exceptions.irqtest)
 *(.exceptions.irqhandler.user)
 *(.exceptions.irqhandler)
 *(.exceptions.irqreturn.user)
 *(.exceptions.irqreturn)
 *(.exceptions.notirq.label)
 *(.exceptions.notirq.user)
 *(.exceptions.notirq)
 *(.exceptions.soft.user)
 *(.exceptions.soft)
 *(.exceptions.unknown.user)
 *(.exceptions.unknown)
 *(.exceptions.exit.label)
 *(.exceptions.exit.user)
 *(.exceptions.exit)
 *(.exceptions)
                0x00004020                PROVIDE (__ram_exceptions_end, ABSOLUTE (.))
                0x00004020                PROVIDE (__flash_exceptions_start, LOADADDR (.exceptions))

.text           0x00004020     0x1c9c
                0x00004020                PROVIDE (stext, ABSOLUTE (.))
 *(.interp)
 *(.hash)
 *(.dynsym)
 *(.dynstr)
 *(.gnu.version)
 *(.gnu.version_d)
 *(.gnu.version_r)
 *(.rel.init)
 *(.rela.init)
 *(.rel.text .rel.text.* .rel.gnu.linkonce.t.*)
 *(.rela.text .rela.text.* .rela.gnu.linkonce.t.*)
 *(.rel.fini)
 *(.rela.fini)
 *(.rel.rodata .rel.rodata.* .rel.gnu.linkonce.r.*)
 *(.rela.rodata .rela.rodata.* .rela.gnu.linkonce.r.*)
 *(.rel.data .rel.data.* .rel.gnu.linkonce.d.*)
 *(.rela.data .rela.data.* .rela.gnu.linkonce.d.*)
 *(.rel.tdata .rel.tdata.* .rel.gnu.linkonce.td.*)
 *(.rela.tdata .rela.tdata.* .rela.gnu.linkonce.td.*)
 *(.rel.tbss .rel.tbss.* .rel.gnu.linkonce.tb.*)
 *(.rela.tbss .rela.tbss.* .rela.gnu.linkonce.tb.*)
 *(.rel.ctors)
 *(.rela.ctors)
 *(.rel.dtors)
 *(.rela.dtors)
 *(.rel.got)
 *(.rela.got)
 *(.rel.sdata .rel.sdata.* .rel.gnu.linkonce.s.*)
 *(.rela.sdata .rela.sdata.* .rela.gnu.linkonce.s.*)
 *(.rel.sbss .rel.sbss.* .rel.gnu.linkonce.sb.*)
 *(.rela.sbss .rela.sbss.* .rela.gnu.linkonce.sb.*)
 *(.rel.sdata2 .rel.sdata2.* .rel.gnu.linkonce.s2.*)
 *(.rela.sdata2 .rela.sdata2.* .rela.gnu.linkonce.s2.*)
 *(.rel.sbss2 .rel.sbss2.* .rel.gnu.linkonce.sb2.*)
 *(.rela.sbss2 .rela.sbss2.* .rela.gnu.linkonce.sb2.*)
 *(.rel.bss .rel.bss.* .rel.gnu.linkonce.b.*)
 *(.rela.bss .rela.bss.* .rela.gnu.linkonce.b.*)
 *(.rel.plt)
 *(.rela.plt)
 *(.rel.dyn)
 *(.init)
 *(.plt)
 *(.text .stub .text.* .gnu.linkonce.t.*)
 .text          0x00004020       0x4c ../experiment3c_bsp//obj/HAL/src/crt0.o
                0x00004020                _start
 .text          0x0000406c      0x120 obj/default/experiment3c.o
                0x0000406c                bubble_sort
                0x000040d8                main
 .text          0x0000418c       0x98 /tools/altera/12.0/nios2eds/bin/gnu/H-i686-pc-linux-gnu/bin/../lib/gcc/nios2-elf/4.1.2/../../../../nios2-elf/lib/libsmallc.a(lib_a-printf.o)
                0x0000418c                printf
                0x000041e0                _printf_r
 .text          0x00004224       0xa4 /tools/altera/12.0/nios2eds/bin/gnu/H-i686-pc-linux-gnu/bin/../lib/gcc/nios2-elf/4.1.2/../../../../nios2-elf/lib/libsmallc.a(lib_a-puts.o)
                0x00004224                _puts_r
                0x000042b4                puts
 .text          0x000042c8      0x180 /tools/altera/12.0/nios2eds/bin/gnu/H-i686-pc-linux-gnu/bin/../lib/gcc/nios2-elf/4.1.2/../../../../nios2-elf/lib/libsmallc.a(lib_a-rand.o)
                0x000042c8                rand
                0x000043a4                srand
 .text          0x00004448       0x20 /tools/altera/12.0/nios2eds/bin/gnu/H-i686-pc-linux-gnu/bin/../lib/gcc/nios2-elf/4.1.2/../../../../nios2-elf/lib/libsmallc.a(lib_a-strlen.o)
                0x00004448                strlen
 .text          0x00004468      0x678 /tools/altera/12.0/nios2eds/bin/gnu/H-i686-pc-linux-gnu/bin/../lib/gcc/nios2-elf/4.1.2/../../../../nios2-elf/lib/libsmallc.a(lib_a-vfprintf.o)
                0x000044e8                ___vfprintf_internal_r
                0x00004abc                __vfprintf_internal
 .text          0x00004ae0       0xbc /tools/altera/12.0/nios2eds/bin/gnu/H-i686-pc-linux-gnu/bin/../lib/gcc/nios2-elf/4.1.2/../../../../nios2-elf/lib/libsmallc.a(lib_a-fvwrite_small_dev.o)
                0x00004ae0                __sfvwrite_small_dev
 .text          0x00004b9c        0x0 /tools/altera/12.0/nios2eds/bin/gnu/H-i686-pc-linux-gnu/bin/../lib/gcc/nios2-elf/4.1.2/../../../../nios2-elf/lib/libsmallc.a(lib_a-impure.o)
 .text          0x00004b9c       0x28 /tools/altera/12.0/nios2eds/bin/gnu/H-i686-pc-linux-gnu/bin/../lib/gcc/nios2-elf/4.1.2/../../../../nios2-elf/lib/libsmallc.a(lib_a-malloc.o)
                0x00004b9c                free
                0x00004bb0                malloc
 .text          0x00004bc4      0x740 /tools/altera/12.0/nios2eds/bin/gnu/H-i686-pc-linux-gnu/bin/../lib/gcc/nios2-elf/4.1.2/../../../../nios2-elf/lib/libsmallc.a(lib_a-mallocr.o)
                0x00004bc4                _malloc_r
 .text          0x00005304       0x70 /tools/altera/12.0/nios2eds/bin/gnu/H-i686-pc-linux-gnu/bin/../lib/gcc/nios2-elf/4.1.2/../../../../nios2-elf/lib/libsmallc.a(lib_a-sbrkr.o)
                0x00005304                _sbrk_r
 .text          0x00005374       0x78 /tools/altera/12.0/nios2eds/bin/gnu/H-i686-pc-linux-gnu/bin/../lib/gcc/nios2-elf/4.1.2/../../../../nios2-elf/lib/libsmallc.a(lib_a-writer.o)
                0x00005374                _write_r
 .text          0x000053ec      0x440 /tools/altera/12.0/nios2eds/bin/gnu/H-i686-pc-linux-gnu/bin/../lib/gcc/nios2-elf/4.1.2/../../../../nios2-elf/lib/libsmallc.a(lib_a-freer.o)
                0x000053ec                _malloc_trim_r
                0x00005518                _free_r
 .text          0x0000582c        0x0 /tools/altera/12.0/nios2eds/bin/gnu/H-i686-pc-linux-gnu/bin/../lib/gcc/nios2-elf/4.1.2/../../../../nios2-elf/lib/libsmallc.a(lib_a-int_errno.o)
 .text          0x0000582c       0x98 /tools/altera/12.0/nios2eds/bin/gnu/H-i686-pc-linux-gnu/bin/../lib/gcc/nios2-elf/4.1.2/libgcc.a(_muldi3.o)
                0x0000582c                __muldi3
 .text          0x000058c4      0x14c /tools/altera/12.0/nios2eds/bin/gnu/H-i686-pc-linux-gnu/bin/../lib/gcc/nios2-elf/4.1.2/libgcc.a(lib2-divmod.o)
                0x00005940                __divsi3
                0x000059a0                __modsi3
                0x00005a00                __udivsi3
                0x00005a08                __umodsi3
 .text          0x00005a10       0x8c ../experiment3c_bsp//libhal_bsp.a(alt_load.o)
                0x00005a30                alt_load
 .text          0x00005a9c       0x2c ../experiment3c_bsp//libhal_bsp.a(alt_main.o)
                0x00005a9c                alt_main
 .text          0x00005ac8        0x8 ../experiment3c_bsp//libhal_bsp.a(alt_malloc_lock.o)
                0x00005ac8                __malloc_lock
                0x00005acc                __malloc_unlock
 .text          0x00005ad0       0x50 ../experiment3c_bsp//libhal_bsp.a(alt_sbrk.o)
                0x00005ad0                sbrk
 .text          0x00005b20       0x78 ../experiment3c_bsp//libhal_bsp.a(alt_write.o)
                0x00005b20                write
 .text          0x00005b98       0x30 ../experiment3c_bsp//libhal_bsp.a(alt_sys_init.o)
                0x00005b98                alt_sys_init
                0x00005ba8                alt_irq_init
 .text          0x00005bc8       0x34 ../experiment3c_bsp//libhal_bsp.a(altera_avalon_jtag_uart_write.o)
                0x00005bc8                altera_avalon_jtag_uart_write
 .text          0x00005bfc       0x5c ../experiment3c_bsp//libhal_bsp.a(altera_avalon_performance_counter.o)
                0x00005bfc                alt_get_performance_counter_base
                0x00005c04                alt_get_cpu_freq
                0x00005c10                perf_get_num_starts
                0x00005c20                perf_get_section_time
                0x00005c50                perf_get_total_time
 .text          0x00005c58       0x18 ../experiment3c_bsp//libhal_bsp.a(alt_dcache_flush_all.o)
                0x00005c58                alt_dcache_flush_all
 .text          0x00005c70        0x0 ../experiment3c_bsp//libhal_bsp.a(alt_errno.o)
 .text          0x00005c70        0xc ../experiment3c_bsp//libhal_bsp.a(alt_icache_flush_all.o)
                0x00005c70                alt_icache_flush_all
 .text          0x00005c7c        0x8 ../experiment3c_bsp//libhal_bsp.a(altera_nios2_qsys_irq.o)
                0x00005c7c                altera_nios2_qsys_irq_init
 .text          0x00005c84       0x38 ../experiment3c_bsp//libhal_bsp.a(alt_icache_flush.o)
                0x00005c84                alt_icache_flush
 *(.gnu.warning.*)
 *(.fini)
                0x00005cbc                PROVIDE (__etext, ABSOLUTE (.))
                0x00005cbc                PROVIDE (_etext, ABSOLUTE (.))
                0x00005cbc                PROVIDE (etext, ABSOLUTE (.))
 *(.eh_frame_hdr)
                0x00005cbc                . = ALIGN (0x4)
                0x00005cbc                PROVIDE (__preinit_array_start, ABSOLUTE (.))
 *(.preinit_array)
                0x00005cbc                PROVIDE (__preinit_array_end, ABSOLUTE (.))
                0x00005cbc                PROVIDE (__init_array_start, ABSOLUTE (.))
 *(.init_array)
                0x00005cbc                PROVIDE (__init_array_end, ABSOLUTE (.))
                0x00005cbc                PROVIDE (__fini_array_start, ABSOLUTE (.))
 *(.fini_array)
                0x00005cbc                PROVIDE (__fini_array_end, ABSOLUTE (.))
 *(.eh_frame)
 *(.gcc_except_table)
 *(.dynamic)
                0x00005cbc                PROVIDE (__CTOR_LIST__, ABSOLUTE (.))
 *(.ctors)
 *(SORT(.ctors.*))
                0x00005cbc                PROVIDE (__CTOR_END__, ABSOLUTE (.))
                0x00005cbc                PROVIDE (__DTOR_LIST__, ABSOLUTE (.))
 *(.dtors)
 *(SORT(.dtors.*))
                0x00005cbc                PROVIDE (__DTOR_END__, ABSOLUTE (.))
 *(.jcr)
                0x00005cbc                . = ALIGN (0x4)

.rodata         0x00005cbc       0x3c
                0x00005cbc                PROVIDE (__ram_rodata_start, ABSOLUTE (.))
                0x00005cbc                . = ALIGN (0x4)
 *(.rodata .rodata.* .gnu.linkonce.r.*)
 .rodata.str1.4
                0x00005cbc       0x38 obj/default/experiment3c.o
 .rodata.str1.4
                0x00005cf4        0x4 /tools/altera/12.0/nios2eds/bin/gnu/H-i686-pc-linux-gnu/bin/../lib/gcc/nios2-elf/4.1.2/../../../../nios2-elf/lib/libsmallc.a(lib_a-puts.o)
 *(.rodata1)
                0x00005cf8                . = ALIGN (0x4)
                0x00005cf8                PROVIDE (__ram_rodata_end, ABSOLUTE (.))
                0x00005cbc                PROVIDE (__flash_rodata_start, LOADADDR (.rodata))

.rwdata         0x00005cf8      0x508 load address 0x00006200
                0x00005cf8                PROVIDE (__ram_rwdata_start, ABSOLUTE (.))
                0x00005cf8                . = ALIGN (0x4)
 *(.got.plt)
 *(.got)
 *(.data1)
 *(.data .data.* .gnu.linkonce.d.*)
 .data          0x00005cf8        0x0 ../experiment3c_bsp//obj/HAL/src/crt0.o
 .data          0x00005cf8        0x0 obj/default/experiment3c.o
 .data          0x00005cf8        0x0 /tools/altera/12.0/nios2eds/bin/gnu/H-i686-pc-linux-gnu/bin/../lib/gcc/nios2-elf/4.1.2/../../../../nios2-elf/lib/libsmallc.a(lib_a-printf.o)
 .data          0x00005cf8        0x0 /tools/altera/12.0/nios2eds/bin/gnu/H-i686-pc-linux-gnu/bin/../lib/gcc/nios2-elf/4.1.2/../../../../nios2-elf/lib/libsmallc.a(lib_a-puts.o)
 .data          0x00005cf8        0x0 /tools/altera/12.0/nios2eds/bin/gnu/H-i686-pc-linux-gnu/bin/../lib/gcc/nios2-elf/4.1.2/../../../../nios2-elf/lib/libsmallc.a(lib_a-rand.o)
 .data          0x00005cf8        0x0 /tools/altera/12.0/nios2eds/bin/gnu/H-i686-pc-linux-gnu/bin/../lib/gcc/nios2-elf/4.1.2/../../../../nios2-elf/lib/libsmallc.a(lib_a-strlen.o)
 .data          0x00005cf8        0x0 /tools/altera/12.0/nios2eds/bin/gnu/H-i686-pc-linux-gnu/bin/../lib/gcc/nios2-elf/4.1.2/../../../../nios2-elf/lib/libsmallc.a(lib_a-vfprintf.o)
 .data          0x00005cf8        0x0 /tools/altera/12.0/nios2eds/bin/gnu/H-i686-pc-linux-gnu/bin/../lib/gcc/nios2-elf/4.1.2/../../../../nios2-elf/lib/libsmallc.a(lib_a-fvwrite_small_dev.o)
 .data          0x00005cf8       0xe0 /tools/altera/12.0/nios2eds/bin/gnu/H-i686-pc-linux-gnu/bin/../lib/gcc/nios2-elf/4.1.2/../../../../nios2-elf/lib/libsmallc.a(lib_a-impure.o)
 .data          0x00005dd8        0x0 /tools/altera/12.0/nios2eds/bin/gnu/H-i686-pc-linux-gnu/bin/../lib/gcc/nios2-elf/4.1.2/../../../../nios2-elf/lib/libsmallc.a(lib_a-malloc.o)
 .data          0x00005dd8      0x408 /tools/altera/12.0/nios2eds/bin/gnu/H-i686-pc-linux-gnu/bin/../lib/gcc/nios2-elf/4.1.2/../../../../nios2-elf/lib/libsmallc.a(lib_a-mallocr.o)
                0x00005dd8                __malloc_av_
 .data          0x000061e0        0x0 /tools/altera/12.0/nios2eds/bin/gnu/H-i686-pc-linux-gnu/bin/../lib/gcc/nios2-elf/4.1.2/../../../../nios2-elf/lib/libsmallc.a(lib_a-sbrkr.o)
 .data          0x000061e0        0x0 /tools/altera/12.0/nios2eds/bin/gnu/H-i686-pc-linux-gnu/bin/../lib/gcc/nios2-elf/4.1.2/../../../../nios2-elf/lib/libsmallc.a(lib_a-writer.o)
 .data          0x000061e0        0x0 /tools/altera/12.0/nios2eds/bin/gnu/H-i686-pc-linux-gnu/bin/../lib/gcc/nios2-elf/4.1.2/../../../../nios2-elf/lib/libsmallc.a(lib_a-freer.o)
 .data          0x000061e0        0x0 /tools/altera/12.0/nios2eds/bin/gnu/H-i686-pc-linux-gnu/bin/../lib/gcc/nios2-elf/4.1.2/../../../../nios2-elf/lib/libsmallc.a(lib_a-int_errno.o)
 .data          0x000061e0        0x0 /tools/altera/12.0/nios2eds/bin/gnu/H-i686-pc-linux-gnu/bin/../lib/gcc/nios2-elf/4.1.2/libgcc.a(_muldi3.o)
 .data          0x000061e0        0x0 /tools/altera/12.0/nios2eds/bin/gnu/H-i686-pc-linux-gnu/bin/../lib/gcc/nios2-elf/4.1.2/libgcc.a(lib2-divmod.o)
 .data          0x000061e0        0x0 ../experiment3c_bsp//libhal_bsp.a(alt_load.o)
 .data          0x000061e0        0x0 ../experiment3c_bsp//libhal_bsp.a(alt_main.o)
 .data          0x000061e0        0x0 ../experiment3c_bsp//libhal_bsp.a(alt_malloc_lock.o)
 .data          0x000061e0        0x0 ../experiment3c_bsp//libhal_bsp.a(alt_sbrk.o)
 .data          0x000061e0        0x0 ../experiment3c_bsp//libhal_bsp.a(alt_write.o)
 .data          0x000061e0        0x0 ../experiment3c_bsp//libhal_bsp.a(alt_sys_init.o)
 .data          0x000061e0        0x0 ../experiment3c_bsp//libhal_bsp.a(altera_avalon_jtag_uart_write.o)
 .data          0x000061e0        0x0 ../experiment3c_bsp//libhal_bsp.a(altera_avalon_performance_counter.o)
 .data          0x000061e0        0x0 ../experiment3c_bsp//libhal_bsp.a(alt_dcache_flush_all.o)
 .data          0x000061e0        0x0 ../experiment3c_bsp//libhal_bsp.a(alt_errno.o)
 .data          0x000061e0        0x0 ../experiment3c_bsp//libhal_bsp.a(alt_icache_flush_all.o)
 .data          0x000061e0        0x0 ../experiment3c_bsp//libhal_bsp.a(altera_nios2_qsys_irq.o)
 .data          0x000061e0        0x0 ../experiment3c_bsp//libhal_bsp.a(alt_icache_flush.o)
                0x0000e1e0                _gp = ABSOLUTE ((. + 0x8000))
                0x0000e1e0                PROVIDE (gp, _gp)
 *(.rwdata .rwdata.*)
 *(.sdata .sdata.* .gnu.linkonce.s.*)
 .sdata         0x000061e0        0x4 obj/default/experiment3c.o
                0x000061e0                performance_name
 .sdata         0x000061e4        0x8 /tools/altera/12.0/nios2eds/bin/gnu/H-i686-pc-linux-gnu/bin/../lib/gcc/nios2-elf/4.1.2/../../../../nios2-elf/lib/libsmallc.a(lib_a-impure.o)
                0x000061e4                _impure_ptr
                0x000061e8                _global_impure_ptr
 .sdata         0x000061ec        0x8 /tools/altera/12.0/nios2eds/bin/gnu/H-i686-pc-linux-gnu/bin/../lib/gcc/nios2-elf/4.1.2/../../../../nios2-elf/lib/libsmallc.a(lib_a-mallocr.o)
                0x000061ec                __malloc_trim_threshold
                0x000061f0                __malloc_sbrk_base
 .sdata         0x000061f4        0x4 ../experiment3c_bsp//libhal_bsp.a(alt_sbrk.o)
 .sdata         0x000061f8        0x4 ../experiment3c_bsp//libhal_bsp.a(alt_sys_init.o)
                0x000061f8                jtag_uart_0
 .sdata         0x000061fc        0x4 ../experiment3c_bsp//libhal_bsp.a(alt_errno.o)
                0x000061fc                alt_errno
 *(.sdata2 .sdata2.* .gnu.linkonce.s2.*)
                0x00006200                . = ALIGN (0x4)
                0x00006200                _edata = ABSOLUTE (.)
                0x00006200                PROVIDE (edata, ABSOLUTE (.))
                0x00006200                PROVIDE (__ram_rwdata_end, ABSOLUTE (.))
                0x00006200                PROVIDE (__flash_rwdata_start, LOADADDR (.rwdata))

.bss            0x00006708       0x44
                0x00006708                __bss_start = ABSOLUTE (.)
                0x00006708                PROVIDE (__sbss_start, ABSOLUTE (.))
                0x00006708                PROVIDE (___sbss_start, ABSOLUTE (.))
 *(.dynsbss)
 *(.sbss .sbss.* .gnu.linkonce.sb.*)
 .sbss          0x00006708        0xc /tools/altera/12.0/nios2eds/bin/gnu/H-i686-pc-linux-gnu/bin/../lib/gcc/nios2-elf/4.1.2/../../../../nios2-elf/lib/libsmallc.a(lib_a-mallocr.o)
                0x00006708                __malloc_top_pad
                0x0000670c                __malloc_max_sbrked_mem
                0x00006710                __malloc_max_total_mem
 .sbss          0x00006714        0x4 /tools/altera/12.0/nios2eds/bin/gnu/H-i686-pc-linux-gnu/bin/../lib/gcc/nios2-elf/4.1.2/../../../../nios2-elf/lib/libsmallc.a(lib_a-int_errno.o)
                0x00006714                errno
 .sbss          0x00006718        0xc ../experiment3c_bsp//libhal_bsp.a(alt_main.o)
                0x00006718                alt_argc
                0x0000671c                alt_argv
                0x00006720                alt_envp
 *(.sbss2 .sbss2.* .gnu.linkonce.sb2.*)
 *(.scommon)
                0x00006724                PROVIDE (__sbss_end, ABSOLUTE (.))
                0x00006724                PROVIDE (___sbss_end, ABSOLUTE (.))
 *(.dynbss)
 *(.bss .bss.* .gnu.linkonce.b.*)
 .bss           0x00006724        0x0 ../experiment3c_bsp//obj/HAL/src/crt0.o
 .bss           0x00006724        0x0 obj/default/experiment3c.o
 .bss           0x00006724        0x0 /tools/altera/12.0/nios2eds/bin/gnu/H-i686-pc-linux-gnu/bin/../lib/gcc/nios2-elf/4.1.2/../../../../nios2-elf/lib/libsmallc.a(lib_a-printf.o)
 .bss           0x00006724        0x0 /tools/altera/12.0/nios2eds/bin/gnu/H-i686-pc-linux-gnu/bin/../lib/gcc/nios2-elf/4.1.2/../../../../nios2-elf/lib/libsmallc.a(lib_a-puts.o)
 .bss           0x00006724        0x0 /tools/altera/12.0/nios2eds/bin/gnu/H-i686-pc-linux-gnu/bin/../lib/gcc/nios2-elf/4.1.2/../../../../nios2-elf/lib/libsmallc.a(lib_a-rand.o)
 .bss           0x00006724        0x0 /tools/altera/12.0/nios2eds/bin/gnu/H-i686-pc-linux-gnu/bin/../lib/gcc/nios2-elf/4.1.2/../../../../nios2-elf/lib/libsmallc.a(lib_a-strlen.o)
 .bss           0x00006724        0x0 /tools/altera/12.0/nios2eds/bin/gnu/H-i686-pc-linux-gnu/bin/../lib/gcc/nios2-elf/4.1.2/../../../../nios2-elf/lib/libsmallc.a(lib_a-vfprintf.o)
 .bss           0x00006724        0x0 /tools/altera/12.0/nios2eds/bin/gnu/H-i686-pc-linux-gnu/bin/../lib/gcc/nios2-elf/4.1.2/../../../../nios2-elf/lib/libsmallc.a(lib_a-fvwrite_small_dev.o)
 .bss           0x00006724        0x0 /tools/altera/12.0/nios2eds/bin/gnu/H-i686-pc-linux-gnu/bin/../lib/gcc/nios2-elf/4.1.2/../../../../nios2-elf/lib/libsmallc.a(lib_a-impure.o)
 .bss           0x00006724        0x0 /tools/altera/12.0/nios2eds/bin/gnu/H-i686-pc-linux-gnu/bin/../lib/gcc/nios2-elf/4.1.2/../../../../nios2-elf/lib/libsmallc.a(lib_a-malloc.o)
 .bss           0x00006724       0x28 /tools/altera/12.0/nios2eds/bin/gnu/H-i686-pc-linux-gnu/bin/../lib/gcc/nios2-elf/4.1.2/../../../../nios2-elf/lib/libsmallc.a(lib_a-mallocr.o)
                0x00006724                __malloc_current_mallinfo
 .bss           0x0000674c        0x0 /tools/altera/12.0/nios2eds/bin/gnu/H-i686-pc-linux-gnu/bin/../lib/gcc/nios2-elf/4.1.2/../../../../nios2-elf/lib/libsmallc.a(lib_a-sbrkr.o)
 .bss           0x0000674c        0x0 /tools/altera/12.0/nios2eds/bin/gnu/H-i686-pc-linux-gnu/bin/../lib/gcc/nios2-elf/4.1.2/../../../../nios2-elf/lib/libsmallc.a(lib_a-writer.o)
 .bss           0x0000674c        0x0 /tools/altera/12.0/nios2eds/bin/gnu/H-i686-pc-linux-gnu/bin/../lib/gcc/nios2-elf/4.1.2/../../../../nios2-elf/lib/libsmallc.a(lib_a-freer.o)
 .bss           0x0000674c        0x0 /tools/altera/12.0/nios2eds/bin/gnu/H-i686-pc-linux-gnu/bin/../lib/gcc/nios2-elf/4.1.2/../../../../nios2-elf/lib/libsmallc.a(lib_a-int_errno.o)
 .bss           0x0000674c        0x0 /tools/altera/12.0/nios2eds/bin/gnu/H-i686-pc-linux-gnu/bin/../lib/gcc/nios2-elf/4.1.2/libgcc.a(_muldi3.o)
 .bss           0x0000674c        0x0 /tools/altera/12.0/nios2eds/bin/gnu/H-i686-pc-linux-gnu/bin/../lib/gcc/nios2-elf/4.1.2/libgcc.a(lib2-divmod.o)
 .bss           0x0000674c        0x0 ../experiment3c_bsp//libhal_bsp.a(alt_load.o)
 .bss           0x0000674c        0x0 ../experiment3c_bsp//libhal_bsp.a(alt_main.o)
 .bss           0x0000674c        0x0 ../experiment3c_bsp//libhal_bsp.a(alt_malloc_lock.o)
 .bss           0x0000674c        0x0 ../experiment3c_bsp//libhal_bsp.a(alt_sbrk.o)
 .bss           0x0000674c        0x0 ../experiment3c_bsp//libhal_bsp.a(alt_write.o)
 .bss           0x0000674c        0x0 ../experiment3c_bsp//libhal_bsp.a(alt_sys_init.o)
 .bss           0x0000674c        0x0 ../experiment3c_bsp//libhal_bsp.a(altera_avalon_jtag_uart_write.o)
 .bss           0x0000674c        0x0 ../experiment3c_bsp//libhal_bsp.a(altera_avalon_performance_counter.o)
 .bss           0x0000674c        0x0 ../experiment3c_bsp//libhal_bsp.a(alt_dcache_flush_all.o)
 .bss           0x0000674c        0x0 ../experiment3c_bsp//libhal_bsp.a(alt_errno.o)
 .bss           0x0000674c        0x0 ../experiment3c_bsp//libhal_bsp.a(alt_icache_flush_all.o)
 .bss           0x0000674c        0x0 ../experiment3c_bsp//libhal_bsp.a(altera_nios2_qsys_irq.o)
 .bss           0x0000674c        0x0 ../experiment3c_bsp//libhal_bsp.a(alt_icache_flush.o)
 *(COMMON)
                0x0000674c                . = ALIGN (0x4)
                0x0000674c                __bss_end = ABSOLUTE (.)

.onchip_memory2_0
                0x0000674c        0x0
                0x0000674c                PROVIDE (_alt_partition_onchip_memory2_0_start, ABSOLUTE (.))
 *(.onchip_memory2_0. onchip_memory2_0.*)
                0x0000674c                . = ALIGN (0x4)
                0x0000674c                PROVIDE (_alt_partition_onchip_memory2_0_end, ABSOLUTE (.))
                0x0000674c                _end = ABSOLUTE (.)
                0x0000674c                end = ABSOLUTE (.)
                0x0000674c                __alt_stack_base = ABSOLUTE (.)
                0x0000674c                PROVIDE (_alt_partition_onchip_memory2_0_load_addr, LOADADDR (.onchip_memory2_0))

.stab
 *(.stab)

.stabstr
 *(.stabstr)

.stab.excl
 *(.stab.excl)

.stab.exclstr
 *(.stab.exclstr)

.stab.index
 *(.stab.index)

.stab.indexstr
 *(.stab.indexstr)

.comment        0x00000000       0x23
 *(.comment)
 .comment       0x00000000       0x23 obj/default/experiment3c.o
                                 0x24 (size before relaxing)
 .comment       0x00000000       0x24 /tools/altera/12.0/nios2eds/bin/gnu/H-i686-pc-linux-gnu/bin/../lib/gcc/nios2-elf/4.1.2/../../../../nios2-elf/lib/libsmallc.a(lib_a-printf.o)
 .comment       0x00000000       0x24 /tools/altera/12.0/nios2eds/bin/gnu/H-i686-pc-linux-gnu/bin/../lib/gcc/nios2-elf/4.1.2/../../../../nios2-elf/lib/libsmallc.a(lib_a-puts.o)
 .comment       0x00000000       0x24 /tools/altera/12.0/nios2eds/bin/gnu/H-i686-pc-linux-gnu/bin/../lib/gcc/nios2-elf/4.1.2/../../../../nios2-elf/lib/libsmallc.a(lib_a-rand.o)
 .comment       0x00000000       0x24 /tools/altera/12.0/nios2eds/bin/gnu/H-i686-pc-linux-gnu/bin/../lib/gcc/nios2-elf/4.1.2/../../../../nios2-elf/lib/libsmallc.a(lib_a-strlen.o)
 .comment       0x00000000       0x24 /tools/altera/12.0/nios2eds/bin/gnu/H-i686-pc-linux-gnu/bin/../lib/gcc/nios2-elf/4.1.2/../../../../nios2-elf/lib/libsmallc.a(lib_a-vfprintf.o)
 .comment       0x00000000       0x24 /tools/altera/12.0/nios2eds/bin/gnu/H-i686-pc-linux-gnu/bin/../lib/gcc/nios2-elf/4.1.2/../../../../nios2-elf/lib/libsmallc.a(lib_a-fvwrite_small_dev.o)
 .comment       0x00000000       0x24 /tools/altera/12.0/nios2eds/bin/gnu/H-i686-pc-linux-gnu/bin/../lib/gcc/nios2-elf/4.1.2/../../../../nios2-elf/lib/libsmallc.a(lib_a-impure.o)
 .comment       0x00000000       0x24 /tools/altera/12.0/nios2eds/bin/gnu/H-i686-pc-linux-gnu/bin/../lib/gcc/nios2-elf/4.1.2/../../../../nios2-elf/lib/libsmallc.a(lib_a-malloc.o)
 .comment       0x00000000       0x24 /tools/altera/12.0/nios2eds/bin/gnu/H-i686-pc-linux-gnu/bin/../lib/gcc/nios2-elf/4.1.2/../../../../nios2-elf/lib/libsmallc.a(lib_a-mallocr.o)
 .comment       0x00000000       0x24 /tools/altera/12.0/nios2eds/bin/gnu/H-i686-pc-linux-gnu/bin/../lib/gcc/nios2-elf/4.1.2/../../../../nios2-elf/lib/libsmallc.a(lib_a-sbrkr.o)
 .comment       0x00000000       0x24 /tools/altera/12.0/nios2eds/bin/gnu/H-i686-pc-linux-gnu/bin/../lib/gcc/nios2-elf/4.1.2/../../../../nios2-elf/lib/libsmallc.a(lib_a-writer.o)
 .comment       0x00000000       0x24 /tools/altera/12.0/nios2eds/bin/gnu/H-i686-pc-linux-gnu/bin/../lib/gcc/nios2-elf/4.1.2/../../../../nios2-elf/lib/libsmallc.a(lib_a-freer.o)
 .comment       0x00000000       0x24 /tools/altera/12.0/nios2eds/bin/gnu/H-i686-pc-linux-gnu/bin/../lib/gcc/nios2-elf/4.1.2/../../../../nios2-elf/lib/libsmallc.a(lib_a-int_errno.o)
 .comment       0x00000000       0x24 /tools/altera/12.0/nios2eds/bin/gnu/H-i686-pc-linux-gnu/bin/../lib/gcc/nios2-elf/4.1.2/libgcc.a(_muldi3.o)
 .comment       0x00000000       0x24 /tools/altera/12.0/nios2eds/bin/gnu/H-i686-pc-linux-gnu/bin/../lib/gcc/nios2-elf/4.1.2/libgcc.a(lib2-divmod.o)
 .comment       0x00000000       0x24 ../experiment3c_bsp//libhal_bsp.a(alt_load.o)
 .comment       0x00000000       0x24 ../experiment3c_bsp//libhal_bsp.a(alt_main.o)
 .comment       0x00000000       0x24 ../experiment3c_bsp//libhal_bsp.a(alt_malloc_lock.o)
 .comment       0x00000000       0x24 ../experiment3c_bsp//libhal_bsp.a(alt_sbrk.o)
 .comment       0x00000000       0x24 ../experiment3c_bsp//libhal_bsp.a(alt_write.o)
 .comment       0x00000000       0x24 ../experiment3c_bsp//libhal_bsp.a(alt_sys_init.o)
 .comment       0x00000000       0x24 ../experiment3c_bsp//libhal_bsp.a(altera_avalon_jtag_uart_write.o)
 .comment       0x00000000       0x24 ../experiment3c_bsp//libhal_bsp.a(altera_avalon_performance_counter.o)
 .comment       0x00000000       0x24 ../experiment3c_bsp//libhal_bsp.a(alt_dcache_flush_all.o)
 .comment       0x00000000       0x24 ../experiment3c_bsp//libhal_bsp.a(alt_errno.o)
 .comment       0x00000000       0x24 ../experiment3c_bsp//libhal_bsp.a(alt_icache_flush_all.o)
 .comment       0x00000000       0x24 ../experiment3c_bsp//libhal_bsp.a(altera_nios2_qsys_irq.o)
 .comment       0x00000000       0x24 ../experiment3c_bsp//libhal_bsp.a(alt_icache_flush.o)

.debug
 *(.debug)

.line
 *(.line)

.debug_srcinfo
 *(.debug_srcinfo)

.debug_sfnames
 *(.debug_sfnames)

.debug_aranges  0x00000000      0x368
 *(.debug_aranges)
 .debug_aranges
                0x00000000       0x28 ../experiment3c_bsp//obj/HAL/src/crt0.o
 .debug_aranges
                0x00000028       0x20 obj/default/experiment3c.o
 .debug_aranges
                0x00000048       0x20 /tools/altera/12.0/nios2eds/bin/gnu/H-i686-pc-linux-gnu/bin/../lib/gcc/nios2-elf/4.1.2/../../../../nios2-elf/lib/libsmallc.a(lib_a-printf.o)
 .debug_aranges
                0x00000068       0x20 /tools/altera/12.0/nios2eds/bin/gnu/H-i686-pc-linux-gnu/bin/../lib/gcc/nios2-elf/4.1.2/../../../../nios2-elf/lib/libsmallc.a(lib_a-puts.o)
 .debug_aranges
                0x00000088       0x20 /tools/altera/12.0/nios2eds/bin/gnu/H-i686-pc-linux-gnu/bin/../lib/gcc/nios2-elf/4.1.2/../../../../nios2-elf/lib/libsmallc.a(lib_a-rand.o)
 .debug_aranges
                0x000000a8       0x20 /tools/altera/12.0/nios2eds/bin/gnu/H-i686-pc-linux-gnu/bin/../lib/gcc/nios2-elf/4.1.2/../../../../nios2-elf/lib/libsmallc.a(lib_a-strlen.o)
 .debug_aranges
                0x000000c8       0x20 /tools/altera/12.0/nios2eds/bin/gnu/H-i686-pc-linux-gnu/bin/../lib/gcc/nios2-elf/4.1.2/../../../../nios2-elf/lib/libsmallc.a(lib_a-vfprintf.o)
 .debug_aranges
                0x000000e8       0x20 /tools/altera/12.0/nios2eds/bin/gnu/H-i686-pc-linux-gnu/bin/../lib/gcc/nios2-elf/4.1.2/../../../../nios2-elf/lib/libsmallc.a(lib_a-fvwrite_small_dev.o)
 .debug_aranges
                0x00000108       0x20 /tools/altera/12.0/nios2eds/bin/gnu/H-i686-pc-linux-gnu/bin/../lib/gcc/nios2-elf/4.1.2/../../../../nios2-elf/lib/libsmallc.a(lib_a-malloc.o)
 .debug_aranges
                0x00000128       0x20 /tools/altera/12.0/nios2eds/bin/gnu/H-i686-pc-linux-gnu/bin/../lib/gcc/nios2-elf/4.1.2/../../../../nios2-elf/lib/libsmallc.a(lib_a-mallocr.o)
 .debug_aranges
                0x00000148       0x20 /tools/altera/12.0/nios2eds/bin/gnu/H-i686-pc-linux-gnu/bin/../lib/gcc/nios2-elf/4.1.2/../../../../nios2-elf/lib/libsmallc.a(lib_a-sbrkr.o)
 .debug_aranges
                0x00000168       0x20 /tools/altera/12.0/nios2eds/bin/gnu/H-i686-pc-linux-gnu/bin/../lib/gcc/nios2-elf/4.1.2/../../../../nios2-elf/lib/libsmallc.a(lib_a-writer.o)
 .debug_aranges
                0x00000188       0x20 /tools/altera/12.0/nios2eds/bin/gnu/H-i686-pc-linux-gnu/bin/../lib/gcc/nios2-elf/4.1.2/../../../../nios2-elf/lib/libsmallc.a(lib_a-freer.o)
 .debug_aranges
                0x000001a8       0x20 /tools/altera/12.0/nios2eds/bin/gnu/H-i686-pc-linux-gnu/bin/../lib/gcc/nios2-elf/4.1.2/libgcc.a(_muldi3.o)
 .debug_aranges
                0x000001c8       0x20 /tools/altera/12.0/nios2eds/bin/gnu/H-i686-pc-linux-gnu/bin/../lib/gcc/nios2-elf/4.1.2/libgcc.a(lib2-divmod.o)
 .debug_aranges
                0x000001e8       0x20 ../experiment3c_bsp//libhal_bsp.a(alt_load.o)
 .debug_aranges
                0x00000208       0x20 ../experiment3c_bsp//libhal_bsp.a(alt_main.o)
 .debug_aranges
                0x00000228       0x20 ../experiment3c_bsp//libhal_bsp.a(alt_malloc_lock.o)
 .debug_aranges
                0x00000248       0x20 ../experiment3c_bsp//libhal_bsp.a(alt_sbrk.o)
 .debug_aranges
                0x00000268       0x20 ../experiment3c_bsp//libhal_bsp.a(alt_write.o)
 .debug_aranges
                0x00000288       0x20 ../experiment3c_bsp//libhal_bsp.a(alt_sys_init.o)
 .debug_aranges
                0x000002a8       0x20 ../experiment3c_bsp//libhal_bsp.a(altera_avalon_jtag_uart_write.o)
 .debug_aranges
                0x000002c8       0x20 ../experiment3c_bsp//libhal_bsp.a(altera_avalon_performance_counter.o)
 .debug_aranges
                0x000002e8       0x20 ../experiment3c_bsp//libhal_bsp.a(alt_dcache_flush_all.o)
 .debug_aranges
                0x00000308       0x20 ../experiment3c_bsp//libhal_bsp.a(alt_icache_flush_all.o)
 .debug_aranges
                0x00000328       0x20 ../experiment3c_bsp//libhal_bsp.a(altera_nios2_qsys_irq.o)
 .debug_aranges
                0x00000348       0x20 ../experiment3c_bsp//libhal_bsp.a(alt_icache_flush.o)

.debug_pubnames
                0x00000000      0x612
 *(.debug_pubnames)
 .debug_pubnames
                0x00000000       0x40 obj/default/experiment3c.o
 .debug_pubnames
                0x00000040       0x2b /tools/altera/12.0/nios2eds/bin/gnu/H-i686-pc-linux-gnu/bin/../lib/gcc/nios2-elf/4.1.2/../../../../nios2-elf/lib/libsmallc.a(lib_a-printf.o)
 .debug_pubnames
                0x0000006b       0x27 /tools/altera/12.0/nios2eds/bin/gnu/H-i686-pc-linux-gnu/bin/../lib/gcc/nios2-elf/4.1.2/../../../../nios2-elf/lib/libsmallc.a(lib_a-puts.o)
 .debug_pubnames
                0x00000092       0x25 /tools/altera/12.0/nios2eds/bin/gnu/H-i686-pc-linux-gnu/bin/../lib/gcc/nios2-elf/4.1.2/../../../../nios2-elf/lib/libsmallc.a(lib_a-rand.o)
 .debug_pubnames
                0x000000b7       0x1d /tools/altera/12.0/nios2eds/bin/gnu/H-i686-pc-linux-gnu/bin/../lib/gcc/nios2-elf/4.1.2/../../../../nios2-elf/lib/libsmallc.a(lib_a-strlen.o)
 .debug_pubnames
                0x000000d4       0x45 /tools/altera/12.0/nios2eds/bin/gnu/H-i686-pc-linux-gnu/bin/../lib/gcc/nios2-elf/4.1.2/../../../../nios2-elf/lib/libsmallc.a(lib_a-vfprintf.o)
 .debug_pubnames
                0x00000119       0x2b /tools/altera/12.0/nios2eds/bin/gnu/H-i686-pc-linux-gnu/bin/../lib/gcc/nios2-elf/4.1.2/../../../../nios2-elf/lib/libsmallc.a(lib_a-fvwrite_small_dev.o)
 .debug_pubnames
                0x00000144       0x39 /tools/altera/12.0/nios2eds/bin/gnu/H-i686-pc-linux-gnu/bin/../lib/gcc/nios2-elf/4.1.2/../../../../nios2-elf/lib/libsmallc.a(lib_a-impure.o)
 .debug_pubnames
                0x0000017d       0x26 /tools/altera/12.0/nios2eds/bin/gnu/H-i686-pc-linux-gnu/bin/../lib/gcc/nios2-elf/4.1.2/../../../../nios2-elf/lib/libsmallc.a(lib_a-malloc.o)
 .debug_pubnames
                0x000001a3       0xce /tools/altera/12.0/nios2eds/bin/gnu/H-i686-pc-linux-gnu/bin/../lib/gcc/nios2-elf/4.1.2/../../../../nios2-elf/lib/libsmallc.a(lib_a-mallocr.o)
 .debug_pubnames
                0x00000271       0x1e /tools/altera/12.0/nios2eds/bin/gnu/H-i686-pc-linux-gnu/bin/../lib/gcc/nios2-elf/4.1.2/../../../../nios2-elf/lib/libsmallc.a(lib_a-sbrkr.o)
 .debug_pubnames
                0x0000028f       0x1f /tools/altera/12.0/nios2eds/bin/gnu/H-i686-pc-linux-gnu/bin/../lib/gcc/nios2-elf/4.1.2/../../../../nios2-elf/lib/libsmallc.a(lib_a-writer.o)
 .debug_pubnames
                0x000002ae       0x31 /tools/altera/12.0/nios2eds/bin/gnu/H-i686-pc-linux-gnu/bin/../lib/gcc/nios2-elf/4.1.2/../../../../nios2-elf/lib/libsmallc.a(lib_a-freer.o)
 .debug_pubnames
                0x000002df       0x1c /tools/altera/12.0/nios2eds/bin/gnu/H-i686-pc-linux-gnu/bin/../lib/gcc/nios2-elf/4.1.2/../../../../nios2-elf/lib/libsmallc.a(lib_a-int_errno.o)
 .debug_pubnames
                0x000002fb       0x1f /tools/altera/12.0/nios2eds/bin/gnu/H-i686-pc-linux-gnu/bin/../lib/gcc/nios2-elf/4.1.2/libgcc.a(_muldi3.o)
 .debug_pubnames
                0x0000031a       0x48 /tools/altera/12.0/nios2eds/bin/gnu/H-i686-pc-linux-gnu/bin/../lib/gcc/nios2-elf/4.1.2/libgcc.a(lib2-divmod.o)
 .debug_pubnames
                0x00000362       0x1f ../experiment3c_bsp//libhal_bsp.a(alt_load.o)
 .debug_pubnames
                0x00000381       0x46 ../experiment3c_bsp//libhal_bsp.a(alt_main.o)
 .debug_pubnames
                0x000003c7       0x38 ../experiment3c_bsp//libhal_bsp.a(alt_malloc_lock.o)
 .debug_pubnames
                0x000003ff       0x1b ../experiment3c_bsp//libhal_bsp.a(alt_sbrk.o)
 .debug_pubnames
                0x0000041a       0x1c ../experiment3c_bsp//libhal_bsp.a(alt_write.o)
 .debug_pubnames
                0x00000436       0x44 ../experiment3c_bsp//libhal_bsp.a(alt_sys_init.o)
 .debug_pubnames
                0x0000047a       0x34 ../experiment3c_bsp//libhal_bsp.a(altera_avalon_jtag_uart_write.o)
 .debug_pubnames
                0x000004ae       0x96 ../experiment3c_bsp//libhal_bsp.a(altera_avalon_performance_counter.o)
 .debug_pubnames
                0x00000544       0x2b ../experiment3c_bsp//libhal_bsp.a(alt_dcache_flush_all.o)
 .debug_pubnames
                0x0000056f       0x20 ../experiment3c_bsp//libhal_bsp.a(alt_errno.o)
 .debug_pubnames
                0x0000058f       0x2b ../experiment3c_bsp//libhal_bsp.a(alt_icache_flush_all.o)
 .debug_pubnames
                0x000005ba       0x31 ../experiment3c_bsp//libhal_bsp.a(altera_nios2_qsys_irq.o)
 .debug_pubnames
                0x000005eb       0x27 ../experiment3c_bsp//libhal_bsp.a(alt_icache_flush.o)

.debug_info     0x00000000     0x6db8
 *(.debug_info .gnu.linkonce.wi.*)
 .debug_info    0x00000000       0x85 ../experiment3c_bsp//obj/HAL/src/crt0.o
 .debug_info    0x00000085      0x15f obj/default/experiment3c.o
 .debug_info    0x000001e4      0x6c8 /tools/altera/12.0/nios2eds/bin/gnu/H-i686-pc-linux-gnu/bin/../lib/gcc/nios2-elf/4.1.2/../../../../nios2-elf/lib/libsmallc.a(lib_a-printf.o)
 .debug_info    0x000008ac      0x685 /tools/altera/12.0/nios2eds/bin/gnu/H-i686-pc-linux-gnu/bin/../lib/gcc/nios2-elf/4.1.2/../../../../nios2-elf/lib/libsmallc.a(lib_a-puts.o)
 .debug_info    0x00000f31      0x6a1 /tools/altera/12.0/nios2eds/bin/gnu/H-i686-pc-linux-gnu/bin/../lib/gcc/nios2-elf/4.1.2/../../../../nios2-elf/lib/libsmallc.a(lib_a-rand.o)
 .debug_info    0x000015d2       0xc2 /tools/altera/12.0/nios2eds/bin/gnu/H-i686-pc-linux-gnu/bin/../lib/gcc/nios2-elf/4.1.2/../../../../nios2-elf/lib/libsmallc.a(lib_a-strlen.o)
 .debug_info    0x00001694      0x94c /tools/altera/12.0/nios2eds/bin/gnu/H-i686-pc-linux-gnu/bin/../lib/gcc/nios2-elf/4.1.2/../../../../nios2-elf/lib/libsmallc.a(lib_a-vfprintf.o)
 .debug_info    0x00001fe0      0x68e /tools/altera/12.0/nios2eds/bin/gnu/H-i686-pc-linux-gnu/bin/../lib/gcc/nios2-elf/4.1.2/../../../../nios2-elf/lib/libsmallc.a(lib_a-fvwrite_small_dev.o)
 .debug_info    0x0000266e      0x636 /tools/altera/12.0/nios2eds/bin/gnu/H-i686-pc-linux-gnu/bin/../lib/gcc/nios2-elf/4.1.2/../../../../nios2-elf/lib/libsmallc.a(lib_a-impure.o)
 .debug_info    0x00002ca4      0x667 /tools/altera/12.0/nios2eds/bin/gnu/H-i686-pc-linux-gnu/bin/../lib/gcc/nios2-elf/4.1.2/../../../../nios2-elf/lib/libsmallc.a(lib_a-malloc.o)
 .debug_info    0x0000330b      0x9c9 /tools/altera/12.0/nios2eds/bin/gnu/H-i686-pc-linux-gnu/bin/../lib/gcc/nios2-elf/4.1.2/../../../../nios2-elf/lib/libsmallc.a(lib_a-mallocr.o)
 .debug_info    0x00003cd4      0x65b /tools/altera/12.0/nios2eds/bin/gnu/H-i686-pc-linux-gnu/bin/../lib/gcc/nios2-elf/4.1.2/../../../../nios2-elf/lib/libsmallc.a(lib_a-sbrkr.o)
 .debug_info    0x0000432f      0x68c /tools/altera/12.0/nios2eds/bin/gnu/H-i686-pc-linux-gnu/bin/../lib/gcc/nios2-elf/4.1.2/../../../../nios2-elf/lib/libsmallc.a(lib_a-writer.o)
 .debug_info    0x000049bb      0x8c2 /tools/altera/12.0/nios2eds/bin/gnu/H-i686-pc-linux-gnu/bin/../lib/gcc/nios2-elf/4.1.2/../../../../nios2-elf/lib/libsmallc.a(lib_a-freer.o)
 .debug_info    0x0000527d       0x8c /tools/altera/12.0/nios2eds/bin/gnu/H-i686-pc-linux-gnu/bin/../lib/gcc/nios2-elf/4.1.2/../../../../nios2-elf/lib/libsmallc.a(lib_a-int_errno.o)
 .debug_info    0x00005309      0x215 /tools/altera/12.0/nios2eds/bin/gnu/H-i686-pc-linux-gnu/bin/../lib/gcc/nios2-elf/4.1.2/libgcc.a(_muldi3.o)
 .debug_info    0x0000551e      0x21c /tools/altera/12.0/nios2eds/bin/gnu/H-i686-pc-linux-gnu/bin/../lib/gcc/nios2-elf/4.1.2/libgcc.a(lib2-divmod.o)
 .debug_info    0x0000573a      0x12e ../experiment3c_bsp//libhal_bsp.a(alt_load.o)
 .debug_info    0x00005868      0x125 ../experiment3c_bsp//libhal_bsp.a(alt_main.o)
 .debug_info    0x0000598d      0x947 ../experiment3c_bsp//libhal_bsp.a(alt_malloc_lock.o)
 .debug_info    0x000062d4      0x1a5 ../experiment3c_bsp//libhal_bsp.a(alt_sbrk.o)
 .debug_info    0x00006479      0x179 ../experiment3c_bsp//libhal_bsp.a(alt_write.o)
 .debug_info    0x000065f2      0x199 ../experiment3c_bsp//libhal_bsp.a(alt_sys_init.o)
 .debug_info    0x0000678b      0x18f ../experiment3c_bsp//libhal_bsp.a(altera_avalon_jtag_uart_write.o)
 .debug_info    0x0000691a      0x165 ../experiment3c_bsp//libhal_bsp.a(altera_avalon_performance_counter.o)
 .debug_info    0x00006a7f       0x9f ../experiment3c_bsp//libhal_bsp.a(alt_dcache_flush_all.o)
 .debug_info    0x00006b1e       0xab ../experiment3c_bsp//libhal_bsp.a(alt_errno.o)
 .debug_info    0x00006bc9       0x8d ../experiment3c_bsp//libhal_bsp.a(alt_icache_flush_all.o)
 .debug_info    0x00006c56       0x8d ../experiment3c_bsp//libhal_bsp.a(altera_nios2_qsys_irq.o)
 .debug_info    0x00006ce3       0xd5 ../experiment3c_bsp//libhal_bsp.a(alt_icache_flush.o)

.debug_abbrev   0x00000000     0x1dfb
 *(.debug_abbrev)
 .debug_abbrev  0x00000000       0x12 ../experiment3c_bsp//obj/HAL/src/crt0.o
 .debug_abbrev  0x00000012      0x115 obj/default/experiment3c.o
 .debug_abbrev  0x00000127      0x179 /tools/altera/12.0/nios2eds/bin/gnu/H-i686-pc-linux-gnu/bin/../lib/gcc/nios2-elf/4.1.2/../../../../nios2-elf/lib/libsmallc.a(lib_a-printf.o)
 .debug_abbrev  0x000002a0      0x180 /tools/altera/12.0/nios2eds/bin/gnu/H-i686-pc-linux-gnu/bin/../lib/gcc/nios2-elf/4.1.2/../../../../nios2-elf/lib/libsmallc.a(lib_a-puts.o)
 .debug_abbrev  0x00000420      0x18e /tools/altera/12.0/nios2eds/bin/gnu/H-i686-pc-linux-gnu/bin/../lib/gcc/nios2-elf/4.1.2/../../../../nios2-elf/lib/libsmallc.a(lib_a-rand.o)
 .debug_abbrev  0x000005ae       0x7a /tools/altera/12.0/nios2eds/bin/gnu/H-i686-pc-linux-gnu/bin/../lib/gcc/nios2-elf/4.1.2/../../../../nios2-elf/lib/libsmallc.a(lib_a-strlen.o)
 .debug_abbrev  0x00000628      0x247 /tools/altera/12.0/nios2eds/bin/gnu/H-i686-pc-linux-gnu/bin/../lib/gcc/nios2-elf/4.1.2/../../../../nios2-elf/lib/libsmallc.a(lib_a-vfprintf.o)
 .debug_abbrev  0x0000086f      0x179 /tools/altera/12.0/nios2eds/bin/gnu/H-i686-pc-linux-gnu/bin/../lib/gcc/nios2-elf/4.1.2/../../../../nios2-elf/lib/libsmallc.a(lib_a-fvwrite_small_dev.o)
 .debug_abbrev  0x000009e8      0x13f /tools/altera/12.0/nios2eds/bin/gnu/H-i686-pc-linux-gnu/bin/../lib/gcc/nios2-elf/4.1.2/../../../../nios2-elf/lib/libsmallc.a(lib_a-impure.o)
 .debug_abbrev  0x00000b27      0x16f /tools/altera/12.0/nios2eds/bin/gnu/H-i686-pc-linux-gnu/bin/../lib/gcc/nios2-elf/4.1.2/../../../../nios2-elf/lib/libsmallc.a(lib_a-malloc.o)
 .debug_abbrev  0x00000c96      0x1ef /tools/altera/12.0/nios2eds/bin/gnu/H-i686-pc-linux-gnu/bin/../lib/gcc/nios2-elf/4.1.2/../../../../nios2-elf/lib/libsmallc.a(lib_a-mallocr.o)
 .debug_abbrev  0x00000e85      0x174 /tools/altera/12.0/nios2eds/bin/gnu/H-i686-pc-linux-gnu/bin/../lib/gcc/nios2-elf/4.1.2/../../../../nios2-elf/lib/libsmallc.a(lib_a-sbrkr.o)
 .debug_abbrev  0x00000ff9      0x16c /tools/altera/12.0/nios2eds/bin/gnu/H-i686-pc-linux-gnu/bin/../lib/gcc/nios2-elf/4.1.2/../../../../nios2-elf/lib/libsmallc.a(lib_a-writer.o)
 .debug_abbrev  0x00001165      0x1b2 /tools/altera/12.0/nios2eds/bin/gnu/H-i686-pc-linux-gnu/bin/../lib/gcc/nios2-elf/4.1.2/../../../../nios2-elf/lib/libsmallc.a(lib_a-freer.o)
 .debug_abbrev  0x00001317       0x3b /tools/altera/12.0/nios2eds/bin/gnu/H-i686-pc-linux-gnu/bin/../lib/gcc/nios2-elf/4.1.2/../../../../nios2-elf/lib/libsmallc.a(lib_a-int_errno.o)
 .debug_abbrev  0x00001352       0xee /tools/altera/12.0/nios2eds/bin/gnu/H-i686-pc-linux-gnu/bin/../lib/gcc/nios2-elf/4.1.2/libgcc.a(_muldi3.o)
 .debug_abbrev  0x00001440       0xe0 /tools/altera/12.0/nios2eds/bin/gnu/H-i686-pc-linux-gnu/bin/../lib/gcc/nios2-elf/4.1.2/libgcc.a(lib2-divmod.o)
 .debug_abbrev  0x00001520       0x97 ../experiment3c_bsp//libhal_bsp.a(alt_load.o)
 .debug_abbrev  0x000015b7       0xa6 ../experiment3c_bsp//libhal_bsp.a(alt_main.o)
 .debug_abbrev  0x0000165d      0x172 ../experiment3c_bsp//libhal_bsp.a(alt_malloc_lock.o)
 .debug_abbrev  0x000017cf      0x10b ../experiment3c_bsp//libhal_bsp.a(alt_sbrk.o)
 .debug_abbrev  0x000018da       0xdd ../experiment3c_bsp//libhal_bsp.a(alt_write.o)
 .debug_abbrev  0x000019b7       0xea ../experiment3c_bsp//libhal_bsp.a(alt_sys_init.o)
 .debug_abbrev  0x00001aa1       0xf0 ../experiment3c_bsp//libhal_bsp.a(altera_avalon_jtag_uart_write.o)
 .debug_abbrev  0x00001b91       0xae ../experiment3c_bsp//libhal_bsp.a(altera_avalon_performance_counter.o)
 .debug_abbrev  0x00001c3f       0x57 ../experiment3c_bsp//libhal_bsp.a(alt_dcache_flush_all.o)
 .debug_abbrev  0x00001c96       0x5e ../experiment3c_bsp//libhal_bsp.a(alt_errno.o)
 .debug_abbrev  0x00001cf4       0x3f ../experiment3c_bsp//libhal_bsp.a(alt_icache_flush_all.o)
 .debug_abbrev  0x00001d33       0x3f ../experiment3c_bsp//libhal_bsp.a(altera_nios2_qsys_irq.o)
 .debug_abbrev  0x00001d72       0x89 ../experiment3c_bsp//libhal_bsp.a(alt_icache_flush.o)

.debug_line     0x00000000     0x4fa6
 *(.debug_line)
 .debug_line    0x00000000       0x72 ../experiment3c_bsp//obj/HAL/src/crt0.o
 .debug_line    0x00000072      0x2eb obj/default/experiment3c.o
 .debug_line    0x0000035d      0x2b5 /tools/altera/12.0/nios2eds/bin/gnu/H-i686-pc-linux-gnu/bin/../lib/gcc/nios2-elf/4.1.2/../../../../nios2-elf/lib/libsmallc.a(lib_a-printf.o)
 .debug_line    0x00000612      0x2a9 /tools/altera/12.0/nios2eds/bin/gnu/H-i686-pc-linux-gnu/bin/../lib/gcc/nios2-elf/4.1.2/../../../../nios2-elf/lib/libsmallc.a(lib_a-puts.o)
 .debug_line    0x000008bb      0x289 /tools/altera/12.0/nios2eds/bin/gnu/H-i686-pc-linux-gnu/bin/../lib/gcc/nios2-elf/4.1.2/../../../../nios2-elf/lib/libsmallc.a(lib_a-rand.o)
 .debug_line    0x00000b44      0x244 /tools/altera/12.0/nios2eds/bin/gnu/H-i686-pc-linux-gnu/bin/../lib/gcc/nios2-elf/4.1.2/../../../../nios2-elf/lib/libsmallc.a(lib_a-strlen.o)
 .debug_line    0x00000d88      0x5d2 /tools/altera/12.0/nios2eds/bin/gnu/H-i686-pc-linux-gnu/bin/../lib/gcc/nios2-elf/4.1.2/../../../../nios2-elf/lib/libsmallc.a(lib_a-vfprintf.o)
 .debug_line    0x0000135a      0x2a0 /tools/altera/12.0/nios2eds/bin/gnu/H-i686-pc-linux-gnu/bin/../lib/gcc/nios2-elf/4.1.2/../../../../nios2-elf/lib/libsmallc.a(lib_a-fvwrite_small_dev.o)
 .debug_line    0x000015fa      0x224 /tools/altera/12.0/nios2eds/bin/gnu/H-i686-pc-linux-gnu/bin/../lib/gcc/nios2-elf/4.1.2/../../../../nios2-elf/lib/libsmallc.a(lib_a-impure.o)
 .debug_line    0x0000181e      0x245 /tools/altera/12.0/nios2eds/bin/gnu/H-i686-pc-linux-gnu/bin/../lib/gcc/nios2-elf/4.1.2/../../../../nios2-elf/lib/libsmallc.a(lib_a-malloc.o)
 .debug_line    0x00001a63      0x804 /tools/altera/12.0/nios2eds/bin/gnu/H-i686-pc-linux-gnu/bin/../lib/gcc/nios2-elf/4.1.2/../../../../nios2-elf/lib/libsmallc.a(lib_a-mallocr.o)
 .debug_line    0x00002267      0x290 /tools/altera/12.0/nios2eds/bin/gnu/H-i686-pc-linux-gnu/bin/../lib/gcc/nios2-elf/4.1.2/../../../../nios2-elf/lib/libsmallc.a(lib_a-sbrkr.o)
 .debug_line    0x000024f7      0x291 /tools/altera/12.0/nios2eds/bin/gnu/H-i686-pc-linux-gnu/bin/../lib/gcc/nios2-elf/4.1.2/../../../../nios2-elf/lib/libsmallc.a(lib_a-writer.o)
 .debug_line    0x00002788      0x5e5 /tools/altera/12.0/nios2eds/bin/gnu/H-i686-pc-linux-gnu/bin/../lib/gcc/nios2-elf/4.1.2/../../../../nios2-elf/lib/libsmallc.a(lib_a-freer.o)
 .debug_line    0x00002d6d      0x1d9 /tools/altera/12.0/nios2eds/bin/gnu/H-i686-pc-linux-gnu/bin/../lib/gcc/nios2-elf/4.1.2/../../../../nios2-elf/lib/libsmallc.a(lib_a-int_errno.o)
 .debug_line    0x00002f46      0x193 /tools/altera/12.0/nios2eds/bin/gnu/H-i686-pc-linux-gnu/bin/../lib/gcc/nios2-elf/4.1.2/libgcc.a(_muldi3.o)
 .debug_line    0x000030d9      0x2c3 /tools/altera/12.0/nios2eds/bin/gnu/H-i686-pc-linux-gnu/bin/../lib/gcc/nios2-elf/4.1.2/libgcc.a(lib2-divmod.o)
 .debug_line    0x0000339c      0x223 ../experiment3c_bsp//libhal_bsp.a(alt_load.o)
 .debug_line    0x000035bf      0x2ce ../experiment3c_bsp//libhal_bsp.a(alt_main.o)
 .debug_line    0x0000388d      0x221 ../experiment3c_bsp//libhal_bsp.a(alt_malloc_lock.o)
 .debug_line    0x00003aae      0x256 ../experiment3c_bsp//libhal_bsp.a(alt_sbrk.o)
 .debug_line    0x00003d04      0x2b7 ../experiment3c_bsp//libhal_bsp.a(alt_write.o)
 .debug_line    0x00003fbb      0x2b3 ../experiment3c_bsp//libhal_bsp.a(alt_sys_init.o)
 .debug_line    0x0000426e      0x300 ../experiment3c_bsp//libhal_bsp.a(altera_avalon_jtag_uart_write.o)
 .debug_line    0x0000456e      0x111 ../experiment3c_bsp//libhal_bsp.a(altera_avalon_performance_counter.o)
 .debug_line    0x0000467f      0x1d9 ../experiment3c_bsp//libhal_bsp.a(alt_dcache_flush_all.o)
 .debug_line    0x00004858      0x1b6 ../experiment3c_bsp//libhal_bsp.a(alt_errno.o)
 .debug_line    0x00004a0e      0x1d1 ../experiment3c_bsp//libhal_bsp.a(alt_icache_flush_all.o)
 .debug_line    0x00004bdf      0x1da ../experiment3c_bsp//libhal_bsp.a(altera_nios2_qsys_irq.o)
 .debug_line    0x00004db9      0x1ed ../experiment3c_bsp//libhal_bsp.a(alt_icache_flush.o)

.debug_frame    0x00000000      0x570
 *(.debug_frame)
 .debug_frame   0x00000000       0x3c obj/default/experiment3c.o
 .debug_frame   0x0000003c       0x40 /tools/altera/12.0/nios2eds/bin/gnu/H-i686-pc-linux-gnu/bin/../lib/gcc/nios2-elf/4.1.2/../../../../nios2-elf/lib/libsmallc.a(lib_a-printf.o)
 .debug_frame   0x0000007c       0x3c /tools/altera/12.0/nios2eds/bin/gnu/H-i686-pc-linux-gnu/bin/../lib/gcc/nios2-elf/4.1.2/../../../../nios2-elf/lib/libsmallc.a(lib_a-puts.o)
 .debug_frame   0x000000b8       0x4c /tools/altera/12.0/nios2eds/bin/gnu/H-i686-pc-linux-gnu/bin/../lib/gcc/nios2-elf/4.1.2/../../../../nios2-elf/lib/libsmallc.a(lib_a-rand.o)
 .debug_frame   0x00000104       0x20 /tools/altera/12.0/nios2eds/bin/gnu/H-i686-pc-linux-gnu/bin/../lib/gcc/nios2-elf/4.1.2/../../../../nios2-elf/lib/libsmallc.a(lib_a-strlen.o)
 .debug_frame   0x00000124       0x64 /tools/altera/12.0/nios2eds/bin/gnu/H-i686-pc-linux-gnu/bin/../lib/gcc/nios2-elf/4.1.2/../../../../nios2-elf/lib/libsmallc.a(lib_a-vfprintf.o)
 .debug_frame   0x00000188       0x30 /tools/altera/12.0/nios2eds/bin/gnu/H-i686-pc-linux-gnu/bin/../lib/gcc/nios2-elf/4.1.2/../../../../nios2-elf/lib/libsmallc.a(lib_a-fvwrite_small_dev.o)
 .debug_frame   0x000001b8       0x30 /tools/altera/12.0/nios2eds/bin/gnu/H-i686-pc-linux-gnu/bin/../lib/gcc/nios2-elf/4.1.2/../../../../nios2-elf/lib/libsmallc.a(lib_a-malloc.o)
 .debug_frame   0x000001e8       0x38 /tools/altera/12.0/nios2eds/bin/gnu/H-i686-pc-linux-gnu/bin/../lib/gcc/nios2-elf/4.1.2/../../../../nios2-elf/lib/libsmallc.a(lib_a-mallocr.o)
 .debug_frame   0x00000220       0x2c /tools/altera/12.0/nios2eds/bin/gnu/H-i686-pc-linux-gnu/bin/../lib/gcc/nios2-elf/4.1.2/../../../../nios2-elf/lib/libsmallc.a(lib_a-sbrkr.o)
 .debug_frame   0x0000024c       0x2c /tools/altera/12.0/nios2eds/bin/gnu/H-i686-pc-linux-gnu/bin/../lib/gcc/nios2-elf/4.1.2/../../../../nios2-elf/lib/libsmallc.a(lib_a-writer.o)
 .debug_frame   0x00000278       0x4c /tools/altera/12.0/nios2eds/bin/gnu/H-i686-pc-linux-gnu/bin/../lib/gcc/nios2-elf/4.1.2/../../../../nios2-elf/lib/libsmallc.a(lib_a-freer.o)
 .debug_frame   0x000002c4       0x2c /tools/altera/12.0/nios2eds/bin/gnu/H-i686-pc-linux-gnu/bin/../lib/gcc/nios2-elf/4.1.2/libgcc.a(_muldi3.o)
 .debug_frame   0x000002f0       0x70 /tools/altera/12.0/nios2eds/bin/gnu/H-i686-pc-linux-gnu/bin/../lib/gcc/nios2-elf/4.1.2/libgcc.a(lib2-divmod.o)
 .debug_frame   0x00000360       0x38 ../experiment3c_bsp//libhal_bsp.a(alt_load.o)
 .debug_frame   0x00000398       0x28 ../experiment3c_bsp//libhal_bsp.a(alt_main.o)
 .debug_frame   0x000003c0       0x30 ../experiment3c_bsp//libhal_bsp.a(alt_malloc_lock.o)
 .debug_frame   0x000003f0       0x20 ../experiment3c_bsp//libhal_bsp.a(alt_sbrk.o)
 .debug_frame   0x00000410       0x28 ../experiment3c_bsp//libhal_bsp.a(alt_write.o)
 .debug_frame   0x00000438       0x38 ../experiment3c_bsp//libhal_bsp.a(alt_sys_init.o)
 .debug_frame   0x00000470       0x20 ../experiment3c_bsp//libhal_bsp.a(altera_avalon_jtag_uart_write.o)
 .debug_frame   0x00000490       0x60 ../experiment3c_bsp//libhal_bsp.a(altera_avalon_performance_counter.o)
 .debug_frame   0x000004f0       0x20 ../experiment3c_bsp//libhal_bsp.a(alt_dcache_flush_all.o)
 .debug_frame   0x00000510       0x20 ../experiment3c_bsp//libhal_bsp.a(alt_icache_flush_all.o)
 .debug_frame   0x00000530       0x20 ../experiment3c_bsp//libhal_bsp.a(altera_nios2_qsys_irq.o)
 .debug_frame   0x00000550       0x20 ../experiment3c_bsp//libhal_bsp.a(alt_icache_flush.o)

.debug_str      0x00000000     0x145d
 *(.debug_str)
 .debug_str     0x00000000      0x11b obj/default/experiment3c.o
                                0x15e (size before relaxing)
 .debug_str     0x0000011b      0x397 /tools/altera/12.0/nios2eds/bin/gnu/H-i686-pc-linux-gnu/bin/../lib/gcc/nios2-elf/4.1.2/../../../../nios2-elf/lib/libsmallc.a(lib_a-printf.o)
                                0x45a (size before relaxing)
 .debug_str     0x000004b2       0x45 /tools/altera/12.0/nios2eds/bin/gnu/H-i686-pc-linux-gnu/bin/../lib/gcc/nios2-elf/4.1.2/../../../../nios2-elf/lib/libsmallc.a(lib_a-puts.o)
                                0x444 (size before relaxing)
 .debug_str     0x000004f7       0xd3 /tools/altera/12.0/nios2eds/bin/gnu/H-i686-pc-linux-gnu/bin/../lib/gcc/nios2-elf/4.1.2/../../../../nios2-elf/lib/libsmallc.a(lib_a-rand.o)
                                0x442 (size before relaxing)
 .debug_str     0x000005ca       0xd6 /tools/altera/12.0/nios2eds/bin/gnu/H-i686-pc-linux-gnu/bin/../lib/gcc/nios2-elf/4.1.2/../../../../nios2-elf/lib/libsmallc.a(lib_a-strlen.o)
                                0x178 (size before relaxing)
 .debug_str     0x000006a0      0x112 /tools/altera/12.0/nios2eds/bin/gnu/H-i686-pc-linux-gnu/bin/../lib/gcc/nios2-elf/4.1.2/../../../../nios2-elf/lib/libsmallc.a(lib_a-vfprintf.o)
                                0x556 (size before relaxing)
 .debug_str     0x000007b2       0x6d /tools/altera/12.0/nios2eds/bin/gnu/H-i686-pc-linux-gnu/bin/../lib/gcc/nios2-elf/4.1.2/../../../../nios2-elf/lib/libsmallc.a(lib_a-fvwrite_small_dev.o)
                                0x45e (size before relaxing)
 .debug_str     0x0000081f       0xec /tools/altera/12.0/nios2eds/bin/gnu/H-i686-pc-linux-gnu/bin/../lib/gcc/nios2-elf/4.1.2/../../../../nios2-elf/lib/libsmallc.a(lib_a-impure.o)
                                0x451 (size before relaxing)
 .debug_str     0x0000090b       0x4c /tools/altera/12.0/nios2eds/bin/gnu/H-i686-pc-linux-gnu/bin/../lib/gcc/nios2-elf/4.1.2/../../../../nios2-elf/lib/libsmallc.a(lib_a-malloc.o)
                                0x453 (size before relaxing)
 .debug_str     0x00000957      0x208 /tools/altera/12.0/nios2eds/bin/gnu/H-i686-pc-linux-gnu/bin/../lib/gcc/nios2-elf/4.1.2/../../../../nios2-elf/lib/libsmallc.a(lib_a-mallocr.o)
                                0x628 (size before relaxing)
 .debug_str     0x00000b5f       0x50 /tools/altera/12.0/nios2eds/bin/gnu/H-i686-pc-linux-gnu/bin/../lib/gcc/nios2-elf/4.1.2/../../../../nios2-elf/lib/libsmallc.a(lib_a-sbrkr.o)
                                0x442 (size before relaxing)
 .debug_str     0x00000baf       0x4c /tools/altera/12.0/nios2eds/bin/gnu/H-i686-pc-linux-gnu/bin/../lib/gcc/nios2-elf/4.1.2/../../../../nios2-elf/lib/libsmallc.a(lib_a-writer.o)
                                0x445 (size before relaxing)
 .debug_str     0x00000bfb       0x3c /tools/altera/12.0/nios2eds/bin/gnu/H-i686-pc-linux-gnu/bin/../lib/gcc/nios2-elf/4.1.2/../../../../nios2-elf/lib/libsmallc.a(lib_a-freer.o)
                                0x57a (size before relaxing)
 .debug_str     0x00000c37       0x3d /tools/altera/12.0/nios2eds/bin/gnu/H-i686-pc-linux-gnu/bin/../lib/gcc/nios2-elf/4.1.2/../../../../nios2-elf/lib/libsmallc.a(lib_a-int_errno.o)
                                0x16b (size before relaxing)
 .debug_str     0x00000c74      0x105 /tools/altera/12.0/nios2eds/bin/gnu/H-i686-pc-linux-gnu/bin/../lib/gcc/nios2-elf/4.1.2/libgcc.a(_muldi3.o)
                                0x1ae (size before relaxing)
 .debug_str     0x00000d79       0x76 /tools/altera/12.0/nios2eds/bin/gnu/H-i686-pc-linux-gnu/bin/../lib/gcc/nios2-elf/4.1.2/libgcc.a(lib2-divmod.o)
                                0x1b6 (size before relaxing)
 .debug_str     0x00000def      0x13d ../experiment3c_bsp//libhal_bsp.a(alt_load.o)
                                0x1da (size before relaxing)
 .debug_str     0x00000f2c       0x70 ../experiment3c_bsp//libhal_bsp.a(alt_main.o)
                                0x15e (size before relaxing)
 .debug_str     0x00000f9c      0x13c ../experiment3c_bsp//libhal_bsp.a(alt_malloc_lock.o)
                                0x4b6 (size before relaxing)
 .debug_str     0x000010d8       0x9d ../experiment3c_bsp//libhal_bsp.a(alt_sbrk.o)
                                0x19c (size before relaxing)
 .debug_str     0x00001175       0x58 ../experiment3c_bsp//libhal_bsp.a(alt_write.o)
                                0x18a (size before relaxing)
 .debug_str     0x000011cd       0x9d ../experiment3c_bsp//libhal_bsp.a(alt_sys_init.o)
                                0x20b (size before relaxing)
 .debug_str     0x0000126a       0x4a ../experiment3c_bsp//libhal_bsp.a(altera_avalon_jtag_uart_write.o)
                                0x1d6 (size before relaxing)
 .debug_str     0x000012b4       0xc6 ../experiment3c_bsp//libhal_bsp.a(altera_avalon_performance_counter.o)
                                0x1ac (size before relaxing)
 .debug_str     0x0000137a       0x34 ../experiment3c_bsp//libhal_bsp.a(alt_dcache_flush_all.o)
                                0x11d (size before relaxing)
 .debug_str     0x000013ae       0x14 ../experiment3c_bsp//libhal_bsp.a(alt_errno.o)
                                0x10d (size before relaxing)
 .debug_str     0x000013c2       0x34 ../experiment3c_bsp//libhal_bsp.a(alt_icache_flush_all.o)
                                0x11d (size before relaxing)
 .debug_str     0x000013f6       0x3b ../experiment3c_bsp//libhal_bsp.a(altera_nios2_qsys_irq.o)
                                0x124 (size before relaxing)
 .debug_str     0x00001431       0x2c ../experiment3c_bsp//libhal_bsp.a(alt_icache_flush.o)
                                0x123 (size before relaxing)

.debug_loc      0x00000000     0x1e5f
 *(.debug_loc)
 .debug_loc     0x00000000       0x7a obj/default/experiment3c.o
 .debug_loc     0x0000007a       0x8d /tools/altera/12.0/nios2eds/bin/gnu/H-i686-pc-linux-gnu/bin/../lib/gcc/nios2-elf/4.1.2/../../../../nios2-elf/lib/libsmallc.a(lib_a-printf.o)
 .debug_loc     0x00000107       0xa2 /tools/altera/12.0/nios2eds/bin/gnu/H-i686-pc-linux-gnu/bin/../lib/gcc/nios2-elf/4.1.2/../../../../nios2-elf/lib/libsmallc.a(lib_a-puts.o)
 .debug_loc     0x000001a9       0x77 /tools/altera/12.0/nios2eds/bin/gnu/H-i686-pc-linux-gnu/bin/../lib/gcc/nios2-elf/4.1.2/../../../../nios2-elf/lib/libsmallc.a(lib_a-rand.o)
 .debug_loc     0x00000220       0x1e /tools/altera/12.0/nios2eds/bin/gnu/H-i686-pc-linux-gnu/bin/../lib/gcc/nios2-elf/4.1.2/../../../../nios2-elf/lib/libsmallc.a(lib_a-strlen.o)
 .debug_loc     0x0000023e      0x5a9 /tools/altera/12.0/nios2eds/bin/gnu/H-i686-pc-linux-gnu/bin/../lib/gcc/nios2-elf/4.1.2/../../../../nios2-elf/lib/libsmallc.a(lib_a-vfprintf.o)
 .debug_loc     0x000007e7      0x162 /tools/altera/12.0/nios2eds/bin/gnu/H-i686-pc-linux-gnu/bin/../lib/gcc/nios2-elf/4.1.2/../../../../nios2-elf/lib/libsmallc.a(lib_a-fvwrite_small_dev.o)
 .debug_loc     0x00000949       0x3c /tools/altera/12.0/nios2eds/bin/gnu/H-i686-pc-linux-gnu/bin/../lib/gcc/nios2-elf/4.1.2/../../../../nios2-elf/lib/libsmallc.a(lib_a-malloc.o)
 .debug_loc     0x00000985      0xaf6 /tools/altera/12.0/nios2eds/bin/gnu/H-i686-pc-linux-gnu/bin/../lib/gcc/nios2-elf/4.1.2/../../../../nios2-elf/lib/libsmallc.a(lib_a-mallocr.o)
 .debug_loc     0x0000147b       0x5b /tools/altera/12.0/nios2eds/bin/gnu/H-i686-pc-linux-gnu/bin/../lib/gcc/nios2-elf/4.1.2/../../../../nios2-elf/lib/libsmallc.a(lib_a-sbrkr.o)
 .debug_loc     0x000014d6       0x97 /tools/altera/12.0/nios2eds/bin/gnu/H-i686-pc-linux-gnu/bin/../lib/gcc/nios2-elf/4.1.2/../../../../nios2-elf/lib/libsmallc.a(lib_a-writer.o)
 .debug_loc     0x0000156d      0x4a7 /tools/altera/12.0/nios2eds/bin/gnu/H-i686-pc-linux-gnu/bin/../lib/gcc/nios2-elf/4.1.2/../../../../nios2-elf/lib/libsmallc.a(lib_a-freer.o)
 .debug_loc     0x00001a14       0xc4 /tools/altera/12.0/nios2eds/bin/gnu/H-i686-pc-linux-gnu/bin/../lib/gcc/nios2-elf/4.1.2/libgcc.a(_muldi3.o)
 .debug_loc     0x00001ad8      0x1d2 /tools/altera/12.0/nios2eds/bin/gnu/H-i686-pc-linux-gnu/bin/../lib/gcc/nios2-elf/4.1.2/libgcc.a(lib2-divmod.o)
 .debug_loc     0x00001caa       0x1f ../experiment3c_bsp//libhal_bsp.a(alt_load.o)
 .debug_loc     0x00001cc9       0x1f ../experiment3c_bsp//libhal_bsp.a(alt_main.o)
 .debug_loc     0x00001ce8       0x13 ../experiment3c_bsp//libhal_bsp.a(alt_sbrk.o)
 .debug_loc     0x00001cfb       0x9a ../experiment3c_bsp//libhal_bsp.a(alt_write.o)
 .debug_loc     0x00001d95       0x32 ../experiment3c_bsp//libhal_bsp.a(alt_sys_init.o)
 .debug_loc     0x00001dc7       0x26 ../experiment3c_bsp//libhal_bsp.a(altera_avalon_jtag_uart_write.o)
 .debug_loc     0x00001ded       0x5f ../experiment3c_bsp//libhal_bsp.a(altera_avalon_performance_counter.o)
 .debug_loc     0x00001e4c       0x13 ../experiment3c_bsp//libhal_bsp.a(alt_icache_flush.o)

.debug_macinfo
 *(.debug_macinfo)

.debug_weaknames
 *(.debug_weaknames)

.debug_funcnames
 *(.debug_funcnames)

.debug_typenames
 *(.debug_typenames)

.debug_varnames
 *(.debug_varnames)

.debug_alt_sim_info
                0x00000000       0x30
 *(.debug_alt_sim_info)
 .debug_alt_sim_info
                0x00000000       0x30 ../experiment3c_bsp//obj/HAL/src/crt0.o
                0x00008000                __alt_data_end = 0x8000
                0x00008000                PROVIDE (__alt_stack_pointer, __alt_data_end)
                0x0000674c                PROVIDE (__alt_stack_limit, __alt_stack_base)
                0x0000674c                PROVIDE (__alt_heap_start, end)
                0x00008000                PROVIDE (__alt_heap_limit, 0x8000)
OUTPUT(experiment3c.elf elf32-littlenios2)

.debug_ranges   0x00000000      0x1f8
 .debug_ranges  0x00000000       0x20 ../experiment3c_bsp//obj/HAL/src/crt0.o
 .debug_ranges  0x00000020       0x58 /tools/altera/12.0/nios2eds/bin/gnu/H-i686-pc-linux-gnu/bin/../lib/gcc/nios2-elf/4.1.2/../../../../nios2-elf/lib/libsmallc.a(lib_a-rand.o)
 .debug_ranges  0x00000078       0xa8 /tools/altera/12.0/nios2eds/bin/gnu/H-i686-pc-linux-gnu/bin/../lib/gcc/nios2-elf/4.1.2/../../../../nios2-elf/lib/libsmallc.a(lib_a-vfprintf.o)
 .debug_ranges  0x00000120       0x70 /tools/altera/12.0/nios2eds/bin/gnu/H-i686-pc-linux-gnu/bin/../lib/gcc/nios2-elf/4.1.2/../../../../nios2-elf/lib/libsmallc.a(lib_a-mallocr.o)
 .debug_ranges  0x00000190       0x68 /tools/altera/12.0/nios2eds/bin/gnu/H-i686-pc-linux-gnu/bin/../lib/gcc/nios2-elf/4.1.2/libgcc.a(_muldi3.o)
